// Jest Snapshot v1, https://goo.gl/fbAQLP

exports[`Display Actionbutton 1`] = `
<button
  className="action-button button"
  onClick={[MockFunction]}
  type="submit"
>
  <span>
    ADD
  </span>
</button>
`;
